
> hstu_karate_dojo@0.1.0 build
> next build

   ▲ Next.js 15.5.9
   - Environments: .env
   - Experiments (use with caution):
     ✓ taint

   Creating an optimized production build ...
 ✓ (pwa) Compiling for server...
 ✓ (pwa) Compiling for server...
 ✓ (pwa) Compiling for client (static)...
 ○ (pwa) Service worker: /home/hs32/Documents/Projects/HKDOfficial/public/sw.js
 ○ (pwa)   URL: /sw.js
 ○ (pwa)   Scope: /
 ○ (pwa) This app will fallback to these precached routes when fetching from the cache and the network fails:
 ○ (pwa)   Documents (pages): /~offline
[nextra] Found "_app.tsx" file, refactor it to "_app.mdx" for better performance.

<--- Last few GCs --->

[74188:0x619fdb49e000]   147310 ms: Mark-Compact 1974.9 (2062.9) -> 1966.8 (2060.0) MB, pooled: 8.0 MB, 758.63 / 0.00 ms (average mu = 0.148, current mu = 0.075) allocation failure; scavenge might not succeed
[74188:0x619fdb49e000]   148149 ms: Mark-Compact 1975.3 (2060.4) -> 1968.2 (2058.2) MB, pooled: 10.0 MB, 792.90 / 0.00 ms (average mu = 0.103, current mu = 0.055) allocation failure; scavenge might not succeed

FATAL ERROR: Ineffective mark-compacts near heap limit Allocation failed - JavaScript heap out of memory
----- Native stack trace -----

 1: 0x619fd2a0bcfa node::OOMErrorHandler(char const*, v8::OOMDetails const&) [node]
 2: 0x619fd302a304  [node]
 3: 0x619fd302a40b  [node]
 4: 0x619fd32b545c  [node]
 5: 0x619fd32bb856  [node]
 6: 0x619fd32bb967  [node]
 7: 0x619fd32cb204  [node]
 8: 0x619fd32ce654  [node]
 9: 0x619fd3d42347  [node]
10: 0x619fd32cbb88  [node]
11: 0x619fd32a1f1b  [node]
12: 0x619fd32a20af  [node]
13: 0x619fd327ac9d  [node]
14: 0x619fd3263647  [node]
15: 0x619fd3265097  [node]
16: 0x619fd35c997b  [node]
17: 0x619fd35cc2ff  [node]
18: 0x619fd3716915  [node]
19: 0x73d10763aa36 
